<html xmlns="http://www.w3.org/1999/xhtml">
<head>
    <title></title>
    <link href="main.css" rel="stylesheet" />
</head>
<body>
    <header>
        <div class="container">
            <div class="clearfix">
                <div class="logo">
                    <img src="img/logo.png" alt="Logo" />
                </div>
                <div class="menu">
                    <ul>
                        <li><a href="#">Home</a></li>
                        <li><a href="#">Services</a></li>
                        <li><a href="#">Portfolio</a></li>
                        <li><a href="#">About</a></li>
                        <li><a href="#">Contact</a></li>
                    </ul>
                </div>
            </div>
            <div class="welcome">
                <p>Welcome to our studio!</p>
                <h1>It's nice to meet you</h1>
            </div>
            <a class="button" href="#" alt="Tell me more">Tell me more</a>
        </div>
    </header>
    <section>
        <div class="container">
            <div class="services-titles">
                <h2>Services</h2>
                <p>Proin iaculis ...</p>
            </div>
            <div class="services-types clearfix">
                <div class="services-type">
                    <img src="img/icon1.png" alt="E-Commerce" />
                    <p>text</p>
                </div>
                <div class="services-type">
                    <img src="img/icon2.png" alt="Responsive web" />
                    <p>text</p>
                </div>
                <div class="services-type">
                    <img src="img/icon3.png" alt="Web security" />
                    <p>text</p>
                </div>
            </div>
        </div>
    </section>
    <section id="portfolio">
        <div class="container">
            <div class="portfolio-titles">
                <h2>Our portfolio</h2>
                <p>Proin iaculis ...</p>
            </div>
            <div class="portfolio-types clearfix">
                <div class="portfolio-type">
                    <img src="img/img1.jpg" alt="E-Commerce" />
                </div>
                <div class="portfolio-type">
                    <img src="img/img2.jpg" alt="Responsive web" />
                </div>
                <div class="portfolio-type">
                    <img src="img/img3.jpg" alt="Web security" />
                </div>
            </div>
        </div>
    </section>
    <section>
        <div class="container">
            <div class="about-titles">
                <h2>About us</h2>
                <p>Proin iaculis ...</p>
            </div>
            <div class="about clearfix">
                <div class="about-text-left">
                    <h3>July 2010</h3>
                    <h3>Our humble beginnings</h3>
                    <p>Text</p>
                </div>
                <img src="img/about1.jpg" alt="Alternate Text" />
            </div>
            <div class="about clearfix">
                <div class="about-text-left">&nbsp;</div>
                <img src="img/about2.jpg" alt="Alternate Text" />
				<div class="about-text-right">&nbsp;</div>
            </div>
            <div class="about clearfix">
                <div class="about-text-left">&nbsp;</div>
                <img src="img/about3.jpg" alt="Alternate Text" />
				<div class="about-text-right">&nbsp;</div>
            </div>
            <div class="about clearfix">
                <div class="about-text-left">&nbsp;</div>
                <img src="img/about4.jpg" alt="Alternate Text" />
				<div class="about-text-right">&nbsp;</div>
            </div>
        </div>
    </section>
</body>
</html>
